// Jest Snapshot v1, https://goo.gl/fbAQLP

exports[`The <SubmitButton /> component should match snapshot 1`] = `
<DocumentFragment>
  <button
    class="button"
    type="submit"
  >
    Submit
  </button>
</DocumentFragment>
`;
