// Jest Snapshot v1, https://goo.gl/fbAQLP

exports[`The <ContactCard /> component should match snapshot 1`] = `
<DocumentFragment>
  <div
    class="card"
  >
    <div
      class="top"
    >
      <div>
        <div
          class="user"
        >
          <svg
            fill="currentColor"
            height="30"
            stroke="currentColor"
            stroke-width="0"
            viewBox="0 0 448 512"
            width="30"
            xmlns="http://www.w3.org/2000/svg"
          >
            <path
              d="M224 256c70.7 0 128-57.3 128-128S294.7 0 224 0 96 57.3 96 128s57.3 128 128 128zm89.6 32h-16.7c-22.2 10.2-46.9 16-72.9 16s-50.6-5.8-72.9-16h-16.7C60.2 288 0 348.2 0 422.4V464c0 26.5 21.5 48 48 48h352c26.5 0 48-21.5 48-48v-41.6c0-74.2-60.2-134.4-134.4-134.4z"
            />
          </svg>
          <p>
            Sodiq Lawal
          </p>
        </div>
        <p
          class="job"
        >
          <b>
            Job:
          </b>
           Software Engineer
        </p>
      </div>
      <div
        class="cta"
      >
        <a
          href="/undefined/edit-contact"
        >
          <button
            class="button button simple"
            type="button"
          >
            Edit
          </button>
        </a>
        <button
          class="button"
          type="button"
        >
          Delete
        </button>
      </div>
    </div>
    <p
      class="desc"
    >
      <b>
        Description:
      </b>
       Tech savvy with business acument
    </p>
  </div>
</DocumentFragment>
`;
