// Jest Snapshot v1, https://goo.gl/fbAQLP

exports[`The <Modal /> component should match snapshot 1`] = `<DocumentFragment />`;
